﻿
> frontned@0.0.0 build
> vite build

[36mvite v8.0.7 [32mbuilding client environment for production...[36m[39m
[2K
transforming...Γ£ô 3026 modules transformed.
rendering chunks...
computing gzip size...
dist/index.html                                   2.18 kB Γöé gzip:   0.72 kB
dist/assets/hr-BCNvFlx3.css                       5.17 kB Γöé gzip:   1.52 kB
dist/assets/index-BJS__2Gm.css                  134.89 kB Γöé gzip:  17.95 kB
dist/assets/api-DP7rVjTv.js                       0.02 kB Γöé gzip:   0.04 kB
dist/assets/typeof-CfSoa5dH.js                    0.27 kB Γöé gzip:   0.16 kB
dist/assets/formatDate-Bi_-YBiq.js                0.27 kB Γöé gzip:   0.17 kB
dist/assets/resumeService-Bw2k0aC7.js             0.35 kB Γöé gzip:   0.22 kB
dist/assets/NotFound-z7-PmB7n.js                  0.39 kB Γöé gzip:   0.28 kB
dist/assets/jobService-h2INDbwr.js                0.52 kB Γöé gzip:   0.27 kB
dist/assets/useFetch-vSIo6hO-.js                  0.57 kB Γöé gzip:   0.37 kB
dist/assets/evaluationService-8Xj63YAl.js         0.67 kB Γöé gzip:   0.31 kB
dist/assets/authService-ONND_Xw2.js               0.69 kB Γöé gzip:   0.34 kB
dist/assets/useAuth-wYJfkHG1.js                   0.74 kB Γöé gzip:   0.38 kB
dist/assets/chunk-BEqpzyXh.js                     0.81 kB Γöé gzip:   0.46 kB
dist/assets/reportService-D71xAYWL.js             1.16 kB Γöé gzip:   0.52 kB
dist/assets/preload-helper-ca-nBW7U.js            1.19 kB Γöé gzip:   0.68 kB
dist/assets/interviewService-COLqnsSs.js          1.36 kB Γöé gzip:   0.45 kB
dist/assets/constants-Ct7W6Ckh.js                 1.43 kB Γöé gzip:   0.75 kB
dist/assets/fa-D7D2WKxp.js                        2.01 kB Γöé gzip:   0.83 kB
dist/assets/Loader-Cz-ZQ8NP.js                    2.23 kB Γöé gzip:   0.90 kB
dist/assets/useAuthStore-45gJigDE.js              3.08 kB Γöé gzip:   1.45 kB
dist/assets/EliteAutocomplete-BvYzvg1R.js         3.26 kB Γöé gzip:   1.35 kB
dist/assets/react-dom-C5TuX9w7.js                 3.57 kB Γöé gzip:   1.36 kB
dist/assets/GoogleCalendarCallback-CkmE09um.js    3.69 kB Γöé gzip:   1.32 kB
dist/assets/PolarChart-Dk8rqwJn.js                3.86 kB Γöé gzip:   1.70 kB
dist/assets/AnimatePresence-C4bXsjZ7.js           4.00 kB Γöé gzip:   1.86 kB
dist/assets/ActivePoints-DEOJi72Y.js              4.90 kB Γöé gzip:   1.66 kB
dist/assets/fa6-COd6oFAA.js                       6.03 kB Γöé gzip:   2.60 kB
dist/assets/Settings-BNqwCbMb.js                  7.06 kB Γöé gzip:   2.58 kB
dist/assets/CandidateRanking-BIc4cgOy.js          7.15 kB Γöé gzip:   2.56 kB
dist/assets/Users-BLl-bkeN.js                     7.33 kB Γöé gzip:   2.46 kB
dist/assets/PublicJobs-CK_BmdZj.js                7.88 kB Γöé gzip:   2.61 kB
dist/assets/jsx-runtime-iFSM2NCI.js               7.88 kB Γöé gzip:   2.98 kB
dist/assets/Dashboard-BdH7VUdN.js                 8.63 kB Γöé gzip:   2.59 kB
dist/assets/RecruiterProfile-an6q3mv7.js          8.88 kB Γöé gzip:   2.64 kB
dist/assets/InterviewDebrief-_d1cIjY2.js          9.17 kB Γöé gzip:   2.59 kB
dist/assets/EvaluationReport-Dl10Wt5Y.js          9.45 kB Γöé gzip:   3.26 kB
dist/assets/RecruiterProfileWizard-CuLet2jo.js    9.47 kB Γöé gzip:   3.06 kB
dist/assets/MyApplications-KaIjv9o-.js           10.39 kB Γöé gzip:   3.43 kB
dist/assets/confetti.module-BIClSVZr.js          10.56 kB Γöé gzip:   4.20 kB
dist/assets/JobPostings-CjHYW0dR.js              10.59 kB Γöé gzip:   3.05 kB
dist/assets/Candidates-Ds5dzys7.js               10.76 kB Γöé gzip:   3.16 kB
dist/assets/MyInterviews-eQN-tD-U.js             11.52 kB Γöé gzip:   3.29 kB
dist/assets/Dashboard-C2svjSmU.js                11.70 kB Γöé gzip:   3.79 kB
dist/assets/Features-CPXXdcau.js                 12.15 kB Γöé gzip:   4.40 kB
dist/assets/InterviewLobby-Cr7Y13HM.js           12.19 kB Γöé gzip:   3.80 kB
dist/assets/AreaChart-DsUtU86f.js                12.24 kB Γöé gzip:   4.46 kB
dist/assets/Dashboard-tzP35pEF.js                12.58 kB Γöé gzip:   3.75 kB
dist/assets/JobApplicants-BhDRrjLJ.js            12.82 kB Γöé gzip:   3.73 kB
dist/assets/CandidateProfile-DLDwBQSS.js         14.27 kB Γöé gzip:   3.64 kB
dist/assets/QuestionBank-DIJ_vOV0.js             14.67 kB Γöé gzip:   3.91 kB
dist/assets/AIInsights-Br5NeSax.js               14.86 kB Γöé gzip:   4.17 kB
dist/assets/Profile-Cblj5y7D.js                  15.90 kB Γöé gzip:   3.99 kB
dist/assets/Home-CmWqluD3.js                     16.56 kB Γöé gzip:   4.29 kB
dist/assets/ResumeUpload-CB5GMc5T.js             19.66 kB Γöé gzip:   5.10 kB
dist/assets/ScheduleInterview-YeQCXfVQ.js        20.58 kB Γöé gzip:   5.82 kB
dist/assets/ResumeBuilder-CKHMF-hO.js            20.74 kB Γöé gzip:   4.88 kB
dist/assets/purify.es-D_2ttkq-.js                21.03 kB Γöé gzip:   8.47 kB
dist/assets/RadarChart-C7ROufjJ.js               21.48 kB Γöé gzip:   6.04 kB
dist/assets/Sector-VmmhQsan.js                   22.81 kB Γöé gzip:   6.55 kB
dist/assets/PieChart-Kl4Nh8T6.js                 23.71 kB Γöé gzip:   7.02 kB
dist/assets/Reports-D2exM4FE.js                  28.20 kB Γöé gzip:   9.06 kB
dist/assets/dist-DpHEVtMJ.js                     32.61 kB Γöé gzip:   9.15 kB
dist/assets/BrowseJobs-49pSf0WU.js               34.20 kB Γöé gzip:   7.39 kB
dist/assets/axios-iWuQeQc8.js                    36.53 kB Γöé gzip:  14.46 kB
dist/assets/ProfileWizard-OCw0ZoL9.js            37.18 kB Γöé gzip:   7.87 kB
dist/assets/tfi-D6cIAjCT.js                      37.42 kB Γöé gzip:  11.86 kB
dist/assets/chunk-QFMPRPBF-BphUpkzH.js           41.24 kB Γöé gzip:  14.53 kB
dist/assets/InterviewRoom-B1tLymUI.js            43.88 kB Γöé gzip:  10.96 kB
dist/assets/CartesianChart-3VQZ1hA1.js           56.71 kB Γöé gzip:  14.45 kB
dist/assets/iconBase-DgA5_eQI.js                123.03 kB Γöé gzip:  40.01 kB
dist/assets/index.es-TKezwkYM.js                151.41 kB Γöé gzip:  48.88 kB
dist/assets/html2canvas-BfmUDoIf.js             199.57 kB Γöé gzip:  46.78 kB
dist/assets/index-n2cZEugy.js                   232.29 kB Γöé gzip:  70.68 kB
dist/assets/CategoricalChart-CBstN_5p.js        243.28 kB Γöé gzip:  77.39 kB
dist/assets/jspdf.es.min-Dq98jrMF.js            399.24 kB Γöé gzip: 129.53 kB

[32mΓ£ô built in 2.82s[39m
